// Vitest Snapshot v1, https://vitest.dev/guide/snapshot.html

exports[`基礎練習モード統合テスト > スナップショットテスト > 基礎練習モード選択時のSettingsPanelの見た目が一致する 1`] = `
<div>
  <div
    class="settings-panel"
  >
    <div
      class="setup-wizard__progress"
    >
      <div
        class="setup-wizard__progress-bar"
      >
        <div
          class="setup-wizard__progress-fill"
          data-step="1"
        />
      </div>
      <div
        class="setup-wizard__progress-steps"
      >
        <div
          class="setup-wizard__progress-step setup-wizard__progress-step--active"
          data-testid="progress-step-1"
        >
          1
        </div>
        <div
          class="setup-wizard__progress-step setup-wizard__progress-step--skipped"
          data-testid="progress-step-2"
        >
          2
        </div>
        <div
          class="setup-wizard__progress-step setup-wizard__progress-step--pending"
          data-testid="progress-step-3"
        >
          3
        </div>
        <div
          class="setup-wizard__progress-step setup-wizard__progress-step--pending"
          data-testid="progress-step-4"
        >
          4
        </div>
      </div>
    </div>
    <div
      class="setup-wizard__content"
    >
      <div
        class="setup-wizard__step"
      >
        <div
          class="setup-wizard__step-header"
        >
          <h2
            class="setup-wizard__step-title"
          >
            ステップ 1/4
          </h2>
          <p
            class="setup-wizard__step-description"
          >
            練習モードを選択してください
          </p>
        </div>
        <div
          class="setup-wizard__step-content"
        >
          <div
            class="preset-selector"
          >
            <h2
              class="preset-selector__title"
            >
              練習モードを選択
            </h2>
            <div
              class="preset-selector__grid"
            >
              <button
                aria-pressed="true"
                class="preset-button preset-button--active"
                title="1投単位で得点を問う基本練習（62ターゲットからランダム出題）"
                type="button"
              >
                <span
                  aria-hidden="true"
                  class="preset-button__icon"
                >
                  📚
                </span>
                <span
                  class="preset-button__name"
                >
                  基礎練習
                </span>
                <span
                  class="preset-button__description"
                >
                  1投単位で得点を問う基本練習（62ターゲットからランダム出題）
                </span>
              </button>
              <button
                aria-pressed="false"
                class="preset-button "
                title="3投単位で得点を問う練習"
                type="button"
              >
                <span
                  aria-hidden="true"
                  class="preset-button__icon"
                >
                  🎯
                </span>
                <span
                  class="preset-button__name"
                >
                  プレイヤー練習
                </span>
                <span
                  class="preset-button__description"
                >
                  3投単位で得点を問う練習
                </span>
              </button>
              <button
                aria-pressed="false"
                class="preset-button "
                title="1投ごとに残り点数を問う基礎練習"
                type="button"
              >
                <span
                  aria-hidden="true"
                  class="preset-button__icon"
                >
                  📢
                </span>
                <span
                  class="preset-button__name"
                >
                  コーラー基礎
                </span>
                <span
                  class="preset-button__description"
                >
                  1投ごとに残り点数を問う基礎練習
                </span>
              </button>
              <button
                aria-pressed="false"
                class="preset-button "
                title="累積での残り点数計算練習"
                type="button"
              >
                <span
                  aria-hidden="true"
                  class="preset-button__icon"
                >
                  🎲
                </span>
                <span
                  class="preset-button__name"
                >
                  コーラー累積
                </span>
                <span
                  class="preset-button__description"
                >
                  累積での残り点数計算練習
                </span>
              </button>
              <button
                aria-pressed="false"
                class="preset-button "
                title="得点と残り点数の両方を問う"
                type="button"
              >
                <span
                  aria-hidden="true"
                  class="preset-button__icon"
                >
                  🏆
                </span>
                <span
                  class="preset-button__name"
                >
                  総合練習
                </span>
                <span
                  class="preset-button__description"
                >
                  得点と残り点数の両方を問う
                </span>
              </button>
            </div>
          </div>
        </div>
      </div>
    </div>
    <div
      class="setup-wizard__navigation"
    >
      <button
        aria-label="次のステップへ進む"
        class="setup-wizard__button setup-wizard__button--next"
        type="button"
      >
        次へ →
      </button>
    </div>
  </div>
</div>
`;

exports[`基礎練習モード統合テスト > スナップショットテスト > 練習開始後のPracticeScreenの見た目が一致する 1`] = `
<div>
  <div
    class="practice-screen"
  >
    <header
      class="practice-screen__header"
    >
      <output
        aria-label="練習統計情報"
        class="stats-bar"
      >
        <div
          class="stats-bar__grid"
        >
          <dl
            class="stats-bar__item"
          >
            <dt
              class="stats-bar__label"
            >
              正解数
            </dt>
            <dd
              class="stats-bar__value"
            >
              0
               / 
              0
            </dd>
          </dl>
          <dl
            class="stats-bar__item"
          >
            <dt
              class="stats-bar__label"
            >
              正答率
            </dt>
            <dd
              class="stats-bar__value"
            >
              0.0%
            </dd>
          </dl>
          <dl
            class="stats-bar__item"
          >
            <dt
              class="stats-bar__label"
            >
              連続正解
            </dt>
            <dd
              class="stats-bar__value"
            >
              0
            </dd>
          </dl>
          <dl
            class="stats-bar__item"
          >
            <dt
              class="stats-bar__label"
            >
              残り問題数
            </dt>
            <dd
              class="stats-bar__value"
            >
              10問
            </dd>
          </dl>
        </div>
      </output>
    </header>
    <main
      class="practice-screen__main"
    >
      <section
        class="practice-screen__board-section"
      >
        <div
          class="practice-screen__board-area"
        >
          <div
            data-testid="mock-dartboard"
          >
            Mock DartBoard
          </div>
        </div>
        <div
          class="practice-screen__zoom-area"
        >
          <div
            data-testid="mock-zoom-view"
          >
            Mock ZoomViewMultiple
          </div>
        </div>
      </section>
      <section
        class="practice-screen__interaction-section"
      >
        <section
          aria-label="問題表示"
          class="question-display"
        >
          <div
            class="question-display__questions"
          >
            <h3
              class="question-display__text"
            >
              この投擲の得点は？
            </h3>
          </div>
        </section>
        <div
          class="num-pad"
        >
          <div
            class="num-pad__display"
          >
            <div
              class="num-pad__input-value"
            >
              0
            </div>
            <div
              class="num-pad__label"
            >
              点
            </div>
          </div>
          <div
            class="num-pad__grid"
          >
            <button
              aria-label="1"
              class="num-pad__button num-pad__button--number"
              type="button"
            >
              1
            </button>
            <button
              aria-label="2"
              class="num-pad__button num-pad__button--number"
              type="button"
            >
              2
            </button>
            <button
              aria-label="3"
              class="num-pad__button num-pad__button--number"
              type="button"
            >
              3
            </button>
            <button
              aria-label="4"
              class="num-pad__button num-pad__button--number"
              type="button"
            >
              4
            </button>
            <button
              aria-label="5"
              class="num-pad__button num-pad__button--number"
              type="button"
            >
              5
            </button>
            <button
              aria-label="6"
              class="num-pad__button num-pad__button--number"
              type="button"
            >
              6
            </button>
            <button
              aria-label="7"
              class="num-pad__button num-pad__button--number"
              type="button"
            >
              7
            </button>
            <button
              aria-label="8"
              class="num-pad__button num-pad__button--number"
              type="button"
            >
              8
            </button>
            <button
              aria-label="9"
              class="num-pad__button num-pad__button--number"
              type="button"
            >
              9
            </button>
            <button
              aria-label="Clear"
              class="num-pad__button num-pad__button--clear"
              type="button"
            >
              C
            </button>
            <button
              aria-label="0"
              class="num-pad__button num-pad__button--number"
              type="button"
            >
              0
            </button>
            <button
              aria-label="Backspace"
              class="num-pad__button num-pad__button--backspace"
              type="button"
            >
              ⌫
            </button>
          </div>
          <button
            aria-label="Confirm"
            class="num-pad__confirm"
            disabled=""
            type="button"
          >
            確定
          </button>
        </div>
      </section>
    </main>
    <footer
      class="practice-screen__footer"
    >
      <button
        aria-label="設定画面に戻る"
        class="practice-screen__button practice-screen__button--back"
        type="button"
      >
        設定に戻る
      </button>
      <button
        aria-label="練習を終了"
        class="practice-screen__button practice-screen__button--end"
        type="button"
      >
        終了
      </button>
    </footer>
  </div>
</div>
`;
